
> frontend@0.1.0 build
> next build

  Γû▓ Next.js 14.2.35
  - Environments: .env.local

   Creating an optimized production build ...
npm : Failed to 
compile.
At line:1 char:1
+ npm run build > 
build_error.log 2>&1
+ ~~~~~~~~~~~~~~~~~~~~~
~~~~~~~~~~~~~~~
    + CategoryInfo     
         : NotSpecifi  
  ed: (Failed to com   
 pile.:String) [],     
RemoteException
    + FullyQualifiedEr 
   rorId : NativeComm  
  andError
 

./src/app/dashboard/ann
ouncements/page.tsx
Error: 
  [31mx[0m Return 
statement is not 
allowed here
     ,-[[36;1;4mC:\Use
rs\Asus\Desktop\krishu-
coding-class\happy-hack
ers-lms\frontend\src\ap
p\dashboard\announcemen
ts\page.tsx[0m:47:1]
 [2m 47[0m |         
};
 [2m 48[0m |     };
 [2m 49[0m |     
 [2m 50[0m | [31;1m,
[0m[31;1m-[0m[31;1m
>[0m return (
 [2m 51[0m | 
[31;1m|[0m       
<div 
className="max-w-4xl 
mx-auto space-y-8">
 [2m 52[0m | 
[31;1m|[0m           
<div className="flex 
justify-between 
items-end mb-8">
 [2m 53[0m | 
[31;1m|[0m           
    <div>
 [2m 54[0m | 
[31;1m|[0m           
        <h1 
className="text-3xl 
font-bold mb-2 flex 
items-center gap-3">
 [2m 55[0m | 
[31;1m|[0m           
            <Bell class
Name="text-accent" /> 
Announcements
 [2m 56[0m | 
[31;1m|[0m           
        </h1>
 [2m 57[0m | 
[31;1m|[0m           
        <p className="t
ext-gray-400">Stay up 
to date with club news 
and missions.</p>
 [2m 58[0m | 
[31;1m|[0m           
    </div>
 [2m 59[0m | 
[31;1m|[0m           
    {user?.role === 
'ADMIN' && (
 [2m 60[0m | 
[31;1m|[0m           
        <button
 [2m 61[0m | 
[31;1m|[0m           
            
onClick={() => setIsCre
ating(!isCreating)}
 [2m 62[0m | 
[31;1m|[0m           
            
className="bg-primary 
hover:bg-primary/90 
text-white font-bold 
py-2 px-4 rounded-lg 
flex items-center 
gap-2 
transition-colors 
neon-border"
 [2m 63[0m | 
[31;1m|[0m           
        >
 [2m 64[0m | 
[31;1m|[0m           
            <Plus 
size={20} /> 
{isCreating ? 'Cancel' 
: 'New Broadcast'}
 [2m 65[0m | 
[31;1m|[0m           
        </button>
 [2m 66[0m | 
[31;1m|[0m           
    )}
 [2m 67[0m | 
[31;1m|[0m           
</div>
 [2m 68[0m | 
[31;1m|[0m   
 [2m 69[0m | 
[31;1m|[0m           
{isCreating && 
user?.role === 'ADMIN' 
&& (
 [2m 70[0m | 
[31;1m|[0m           
    <motion.form
 [2m 71[0m | 
[31;1m|[0m           
        initial={{ 
opacity: 0, height: 0 
}}
 [2m 72[0m | 
[31;1m|[0m           
        animate={{ 
opacity: 1, height: 
'auto' }}
 [2m 73[0m | 
[31;1m|[0m           
        
className="glass-card 
p-6 rounded-2xl mb-8 
border-primary/30"
 [2m 74[0m | 
[31;1m|[0m           
        
onSubmit={handleCreate}
 [2m 75[0m | 
[31;1m|[0m           
    >
 [2m 76[0m | 
[31;1m|[0m           
        <h2 
className="text-xl 
font-bold mb-4">Post 
New Announcement</h2>
 [2m 77[0m | 
[31;1m|[0m           
        <div 
className="space-y-4">
 [2m 78[0m | 
[31;1m|[0m           
            <div>
 [2m 79[0m | 
[31;1m|[0m           
                <label 
className="block 
text-sm font-bold 
text-gray-400 
mb-1">Headline</label>
 [2m 80[0m | 
[31;1m|[0m           
                <input
 [2m 81[0m | 
[31;1m|[0m           
                    
type="text"
 [2m 82[0m | 
[31;1m|[0m           
                    
required
 [2m 83[0m | 
[31;1m|[0m           
                    
value={formData.title}
 [2m 84[0m | 
[31;1m|[0m           
                    
onChange={e => 
setFormData({ 
...formData, title: 
e.target.value })}
 [2m 85[0m | 
[31;1m|[0m           
                    
className="w-full 
bg-dark border 
border-white/10 
rounded-lg px-4 py-3 
text-white 
focus:outline-none 
focus:border-primary"
 [2m 86[0m | 
[31;1m|[0m           
                    
placeholder="Hackathon 
this Friday!"
 [2m 87[0m | 
[31;1m|[0m           
                />
 [2m 88[0m | 
[31;1m|[0m           
            </div>
 [2m 89[0m | 
[31;1m|[0m           
            <div>
 [2m 90[0m | 
[31;1m|[0m           
                <label 
className="block 
text-sm font-bold 
text-gray-400 
mb-1">Details</label>
 [2m 91[0m | 
[31;1m|[0m           
                
<textarea
 [2m 92[0m | 
[31;1m|[0m           
                    
required
 [2m 93[0m | 
[31;1m|[0m           
                    val
ue={formData.message}
 [2m 94[0m | 
[31;1m|[0m           
                    
onChange={e => 
setFormData({ 
...formData, message: 
e.target.value })}
 [2m 95[0m | 
[31;1m|[0m           
                    
className="w-full 
bg-dark border 
border-white/10 
rounded-lg px-4 py-3 
text-white 
focus:outline-none 
focus:border-primary 
h-24 resize-none"
 [2m 96[0m | 
[31;1m|[0m           
                    
placeholder="Join us 
at 5PM for..."
 [2m 97[0m | 
[31;1m|[0m           
                />
 [2m 98[0m | 
[31;1m|[0m           
            </div>
 [2m 99[0m | 
[31;1m|[0m           
            <button
 [2m100[0m | 
[31;1m|[0m           
                
type="submit"
 [2m101[0m | 
[31;1m|[0m           
                disable
d={submitLoading}
 [2m102[0m | 
[31;1m|[0m           
                
className="bg-primary 
hover:bg-primary/90 
text-white font-bold 
py-2 px-6 rounded-lg 
transition-colors flex 
items-center gap-2 
disabled:opacity-50"
 [2m103[0m | 
[31;1m|[0m           
            >
 [2m104[0m | 
[31;1m|[0m           
                
{submitLoading ? 
<Loader2 size={20} clas
sName="animate-spin" 
/> : 'Broadcast Now'}
 [2m105[0m | 
[31;1m|[0m           
            </button>
 [2m106[0m | 
[31;1m|[0m           
        </div>
 [2m107[0m | 
[31;1m|[0m           
    </motion.form>
 [2m108[0m | 
[31;1m|[0m           
)}
 [2m109[0m | 
[31;1m|[0m   
 [2m110[0m | 
[31;1m|[0m           
<div 
className="space-y-4">
 [2m111[0m | 
[31;1m|[0m           
    {loading ? (
 [2m112[0m | 
[31;1m|[0m           
        <div className=
"text-gray-400 italic 
text-center 
py-8">Fetching latest 
news...</div>
 [2m113[0m | 
[31;1m|[0m           
    ) : 
announcements.length > 
0 ? (
 [2m114[0m | 
[31;1m|[0m           
        announcements.m
ap((ann, i) => (
 [2m115[0m | 
[31;1m|[0m           
            <motion.div
 [2m116[0m | 
[31;1m|[0m           
                
key={ann.id}
 [2m117[0m | 
[31;1m|[0m           
                
initial={{ opacity: 0, 
x: -20 }}
 [2m118[0m | 
[31;1m|[0m           
                
animate={{ opacity: 1, 
x: 0 }}
 [2m119[0m | 
[31;1m|[0m           
                
transition={{ delay: i 
* 0.1 }}
 [2m120[0m | 
[31;1m|[0m           
                
className="glass-card 
p-6 rounded-2xl flex 
gap-6 hover:border-prim
ary/50 
transition-colors 
group cursor-pointer"
 [2m121[0m | 
[31;1m|[0m           
            >
 [2m122[0m | 
[31;1m|[0m           
                <div 
className="hidden 
sm:flex flex-col 
items-center 
justify-center w-20 
h-20 bg-darker 
rounded-xl border 
border-white/5 
text-gray-400 group-hov
er:text-primary 
transition-colors">
 [2m123[0m | 
[31;1m|[0m           
                    
<Calendar size={24} 
className="mb-1" />
 [2m124[0m | 
[31;1m|[0m           
                    
<span 
className="text-xs 
font-bold 
uppercase">{new Date(an
n.createdAt).toLocaleDa
teString('en-US', { 
month: 'short', day: 
'numeric' })}</span>
 [2m125[0m | 
[31;1m|[0m           
                </div>
 [2m126[0m | 
[31;1m|[0m   
 [2m127[0m | 
[31;1m|[0m           
                <div 
className="flex-1">
 [2m128[0m | 
[31;1m|[0m           
                    
<div className="flex 
justify-between 
items-start mb-2">
 [2m129[0m | 
[31;1m|[0m           
                       
 <h3 
className="text-xl 
font-bold group-hover:t
ext-accent transition-c
olors">{ann.title}</h3>
 [2m130[0m | 
[31;1m|[0m           
                       
 <span 
className="sm:hidden 
text-xs text-gray-500 
bg-white/5 px-2 py-1 
rounded">{new Date(ann.
createdAt).toLocaleDate
String()}</span>
 [2m131[0m | 
[31;1m|[0m           
                    
</div>
 [2m132[0m | 
[31;1m|[0m           
                    <p 
className="text-gray-40
0 text-sm leading-relax
ed">{ann.message}</p>
 [2m133[0m | 
[31;1m|[0m           
                </div>
 [2m134[0m | 
[31;1m|[0m   
 [2m135[0m | 
[31;1m|[0m           
                <div 
className="flex 
items-center 
justify-center 
text-gray-600 group-hov
er:text-primary 
transition-colors">
 [2m136[0m | 
[31;1m|[0m           
                    
<ChevronRight 
size={24} />
 [2m137[0m | 
[31;1m|[0m           
                </div>
 [2m138[0m | 
[31;1m|[0m           
            
</motion.div>
 [2m139[0m | 
[31;1m|[0m           
        ))
 [2m140[0m | 
[31;1m|[0m           
    ) : (
 [2m141[0m | 
[31;1m|[0m           
        <div className=
"text-gray-400 italic 
text-center py-8">No 
announcements yet. 
Check back later!</div>
 [2m142[0m | 
[31;1m|[0m           
    )}
 [2m143[0m | 
[31;1m|[0m           
</div>
 [2m144[0m | 
[31;1m|[0m       
</div>
 [2m145[0m | [31;1m`
[0m[31;1m-[0m[31;1m
>[0m );
 [2m146[0m |     }
     `----

  [31mx[0m 
Expression expected
     ,-[[36;1;4mC:\Use
rs\Asus\Desktop\krishu-
coding-class\happy-hack
ers-lms\frontend\src\ap
p\dashboard\announcemen
ts\page.tsx[0m:143:1]
 [2m143[0m |         
</div>
 [2m144[0m |     
</div>
 [2m145[0m | );
 [2m146[0m | }
     : [31;1m^[0m
     `----

Caused by:
    Syntax Error

Import trace for 
requested module:
./src/app/dashboard/ann
ouncements/page.tsx


> Build failed because 
of webpack errors
